// Vitest Snapshot v1

exports[`<TextField /> > Renders with error 1`] = `
.c3 {
  display: inline-block;
  vertical-align: middle;
  overflow: hidden;
}

.c1 {
  -webkit-align-items: center;
  -webkit-box-align: center;
  -ms-flex-align: center;
  align-items: center;
  background: #e5e7eb;
  border-radius: 0.2rem;
  padding: 0 0.4rem;
  border: 0.2rem solid;
  border-color: #e5e7eb;
  position: relative;
  z-index: 1;
}

.c1:focus-within {
  box-shadow: 0 0 0.5rem #1e293b;
}

.c4 {
  color: #00021f;
  font-family: 'Oswald','Helvetica','Arial','sans-serif';
  font-size: 0.9rem;
  padding: 0.4rem 0;
  padding-left: 0.4rem;
  background: transparent;
  border: 0;
  outline: none;
  width: 100%;
}

.c4:-webkit-autofill {
  -webkit-box-shadow: 0 0 0 0.6rem #e5e7eb inset;
  -webkit-filter: none;
  filter: none;
}

.c4:-webkit-autofill::first-line {
  font-family: 'Oswald','Helvetica','Arial','sans-serif';
  font-size: 0.9rem;
}

.c0 {
  font-size: 0.9rem;
  color: #00021f;
  cursor: pointer;
}

.c2 {
  display: -webkit-box;
  display: -webkit-flex;
  display: -ms-flexbox;
  display: flex;
  color: #8F8F8F;
  -webkit-order: 0;
  -ms-flex-order: 0;
  order: 0;
}

.c2 > svg {
  width: 1.2rem;
  height: 100%;
}

.c5 {
  width: auto;
  background: #ff2a2a;
  opacity: 0%;
  position: relative;
  left: 0px;
  top: -25px;
  z-index: 0;
  pointer-events: auto;
  border-radius: 0 0 4px 4px;
  padding: 2px 4px;
  -webkit-transition-duration: 0s;
  transition-duration: 0s;
  -webkit-transition-delay: 0s;
  transition-delay: 0s;
  -webkit-transition-delay: 0.2s;
  transition-delay: 0.2s;
  -webkit-transition-duration: 0.2s;
  transition-duration: 0.2s;
  top: 0px;
  opacity: 100%;
}

<div
  class=""
>
  <label
    class="c0"
    for="username"
  >
    TextField
  </label>
  <div
    class="c1"
  >
    <div
      class="c2"
    >
      <svg
        aria-hidden="true"
        class="c3"
        data-testid="icon"
        fill="currentColor"
        focusable="false"
        viewBox="0 0 24 24"
        xmlns="http://www.w3.org/2000/svg"
      >
        <path
          d="M0 0h24v24H0V0z"
          fill="none"
        />
        <path
          d="M22 6c0-1.1-.9-2-2-2H4c-1.1 0-2 .9-2 2v12c0 1.1.9 2 2 2h16c1.1 0 2-.9 2-2V6zm-2 0-8 5-8-5h16zm0 12H4V8l8 5 8-5v10z"
        />
      </svg>
    </div>
    <input
      class="c4"
      id="username"
      name="username"
      tabindex="0"
      type="text"
      value=""
    />
  </div>
  <span
    class="c5"
  >
    Error message
  </span>
</div>
`;
